// Jest Snapshot v1, https://goo.gl/fbAQLP

exports[`FavoriteModal Snapshot renders correctly when visible 1`] = `
<Modal
  animationType="none"
  transparent={true}
  visible={true}
>
  <View
    collapsable={false}
    style={
      {
        "alignItems": "center",
        "backgroundColor": "rgba(0,0,0,0.45)",
        "flex": 1,
        "justifyContent": "center",
        "opacity": 0,
      }
    }
  >
    <View
      collapsable={false}
      style={
        {
          "backgroundColor": "#fff",
          "borderRadius": 16,
          "padding": 20,
          "transform": [
            {
              "scale": 0,
            },
          ],
          "width": "85%",
        }
      }
    >
      <View
        accessibilityState={
          {
            "busy": undefined,
            "checked": undefined,
            "disabled": undefined,
            "expanded": undefined,
            "selected": undefined,
          }
        }
        accessibilityValue={
          {
            "max": undefined,
            "min": undefined,
            "now": undefined,
            "text": undefined,
          }
        }
        accessible={true}
        collapsable={false}
        focusable={true}
        onClick={[Function]}
        onResponderGrant={[Function]}
        onResponderMove={[Function]}
        onResponderRelease={[Function]}
        onResponderTerminate={[Function]}
        onResponderTerminationRequest={[Function]}
        onStartShouldSetResponder={[Function]}
        style={
          {
            "alignSelf": "flex-end",
            "opacity": 1,
          }
        }
      >
        <Text />
      </View>
      <Text
        style={
          {
            "fontSize": 18,
            "fontWeight": "bold",
            "marginBottom": 12,
          }
        }
      >
        Test Book
      </Text>
      <Text
        style={
          {
            "fontWeight": "600",
            "marginTop": 10,
          }
        }
      >
        Reading Progress 
        0
        %
      </Text>
      <View
        onLayout={[Function]}
        style={
          [
            [
              {
                "height": 40,
              },
              {
                "width": "100%",
              },
            ],
            {
              "justifyContent": "center",
            },
          ]
        }
      >
        <RNCSlider
          disabled={false}
          inverted={false}
          lowerLimit={-9007199254740991}
          maximumValue={1}
          minimumValue={0}
          onChange={[Function]}
          onRNCSliderAccessibilityAction={null}
          onRNCSliderSlidingComplete={null}
          onRNCSliderSlidingStart={null}
          onRNCSliderValueChange={[Function]}
          onResponderTerminationRequest={[Function]}
          onStartShouldSetResponder={[Function]}
          step={0}
          style={
            [
              {
                "width": 0,
                "zIndex": 1,
              },
              {
                "height": 40,
              },
              {
                "alignContent": "center",
                "alignItems": "center",
              },
            ]
          }
          tapToSeek={false}
          upperLimit={9007199254740991}
        />
      </View>
      <Text
        style={
          {
            "fontWeight": "600",
            "marginTop": 10,
          }
        }
      >
        Tags
      </Text>
      <TextInput
        onChangeText={[Function]}
        placeholder="ex: Exam, Homework..."
        style={
          {
            "borderColor": "#ddd",
            "borderRadius": 10,
            "borderWidth": 1,
            "marginTop": 5,
            "padding": 8,
          }
        }
        value=""
      />
      <Text
        style={
          {
            "fontWeight": "600",
            "marginTop": 10,
          }
        }
      >
        Notes
      </Text>
      <TextInput
        multiline={true}
        onChangeText={[Function]}
        placeholder="Write something..."
        style={
          [
            {
              "borderColor": "#ddd",
              "borderRadius": 10,
              "borderWidth": 1,
              "marginTop": 5,
              "padding": 8,
            },
            {
              "height": 70,
            },
          ]
        }
        value=""
      />
      <View
        accessibilityState={
          {
            "busy": undefined,
            "checked": undefined,
            "disabled": undefined,
            "expanded": undefined,
            "selected": undefined,
          }
        }
        accessibilityValue={
          {
            "max": undefined,
            "min": undefined,
            "now": undefined,
            "text": undefined,
          }
        }
        accessible={true}
        collapsable={false}
        focusable={true}
        onClick={[Function]}
        onResponderGrant={[Function]}
        onResponderMove={[Function]}
        onResponderRelease={[Function]}
        onResponderTerminate={[Function]}
        onResponderTerminationRequest={[Function]}
        onStartShouldSetResponder={[Function]}
        style={
          {
            "alignItems": "center",
            "backgroundColor": "#7d57f0",
            "borderRadius": 10,
            "marginTop": 18,
            "opacity": 1,
            "paddingVertical": 10,
          }
        }
      >
        <Text
          style={
            {
              "color": "#fff",
              "fontSize": 16,
              "fontWeight": "bold",
            }
          }
        >
          Save
        </Text>
      </View>
    </View>
  </View>
</Modal>
`;
